// Jest Snapshot v1, https://goo.gl/fbAQLP

exports[`App component renders a App 1`] = `
<Fragment>
  <TextFormatter
    addColor={[Function]}
  />
  <Colors
    colors={Array []}
  />
</Fragment>
`;

exports[`CreateColor component renders a CreateColor 1`] = `
<form
  onSubmit={[Function]}
>
  <input
    name="name"
    onChange={[Function]}
    type="text"
    value=""
  />
  <input
    name="color"
    onChange={[Function]}
    type="color"
    value="#000000"
  />
  <button>
    Add Color
  </button>
</form>
`;
